[debug] [2025-11-05T08:47:11.351Z] ----------------------------------------------------------------------
[debug] [2025-11-05T08:47:11.354Z] Command:       C:\Program Files\nodejs\node.exe C:\Users\Vinicio\AppData\Roaming\npm\node_modules\firebase-tools\lib\bin\firebase.js deploy
[debug] [2025-11-05T08:47:11.354Z] CLI Version:   14.1.0
[debug] [2025-11-05T08:47:11.354Z] Platform:      win32
[debug] [2025-11-05T08:47:11.355Z] Node Version:  v20.13.1
[debug] [2025-11-05T08:47:11.355Z] Time:          Wed Nov 05 2025 05:47:11 GMT-0300 (GMT-03:00)
[debug] [2025-11-05T08:47:11.355Z] ----------------------------------------------------------------------
[debug] 
[debug] [2025-11-05T08:47:11.359Z] >>> [apiv2][query] GET https://firebase-public.firebaseio.com/cli.json [none]
[debug] [2025-11-05T08:47:11.713Z] > command requires scopes: ["email","openid","https://www.googleapis.com/auth/cloudplatformprojects.readonly","https://www.googleapis.com/auth/firebase","https://www.googleapis.com/auth/cloud-platform"]
[debug] [2025-11-05T08:47:11.713Z] > authorizing via signed-in user (budsys.sistema@gmail.com)
[debug] [2025-11-05T08:47:11.713Z] [iam] checking project budsys-page for permissions ["firebase.projects.get","firebasehosting.sites.update"]
[debug] [2025-11-05T08:47:11.714Z] Checked if tokens are valid: false, expires at: 1760131314193
[debug] [2025-11-05T08:47:11.714Z] Checked if tokens are valid: false, expires at: 1760131314193
[debug] [2025-11-05T08:47:11.715Z] > refreshing access token with scopes: []
[debug] [2025-11-05T08:47:11.716Z] >>> [apiv2][query] POST https://www.googleapis.com/oauth2/v3/token [none]
[debug] [2025-11-05T08:47:11.716Z] >>> [apiv2][body] POST https://www.googleapis.com/oauth2/v3/token [omitted]
[debug] [2025-11-05T08:47:12.000Z] <<< [apiv2][status] POST https://www.googleapis.com/oauth2/v3/token 200
[debug] [2025-11-05T08:47:12.001Z] <<< [apiv2][body] POST https://www.googleapis.com/oauth2/v3/token [omitted]
[debug] [2025-11-05T08:47:12.019Z] >>> [apiv2][query] POST https://cloudresourcemanager.googleapis.com/v1/projects/budsys-page:testIamPermissions [none]
[debug] [2025-11-05T08:47:12.020Z] >>> [apiv2][(partial)header] POST https://cloudresourcemanager.googleapis.com/v1/projects/budsys-page:testIamPermissions x-goog-quota-user=projects/budsys-page
[debug] [2025-11-05T08:47:12.020Z] >>> [apiv2][body] POST https://cloudresourcemanager.googleapis.com/v1/projects/budsys-page:testIamPermissions {"permissions":["firebase.projects.get","firebasehosting.sites.update"]}
[debug] [2025-11-05T08:47:12.073Z] <<< [apiv2][status] GET https://firebase-public.firebaseio.com/cli.json 200
[debug] [2025-11-05T08:47:12.073Z] <<< [apiv2][body] GET https://firebase-public.firebaseio.com/cli.json {"cloudBuildErrorAfter":1594252800000,"cloudBuildWarnAfter":1590019200000,"defaultNode10After":1594252800000,"minVersion":"3.0.5","node8DeploysDisabledAfter":1613390400000,"node8RuntimeDisabledAfter":1615809600000,"node8WarnAfter":1600128000000}
[debug] [2025-11-05T08:47:13.034Z] <<< [apiv2][status] POST https://cloudresourcemanager.googleapis.com/v1/projects/budsys-page:testIamPermissions 200
[debug] [2025-11-05T08:47:13.034Z] <<< [apiv2][body] POST https://cloudresourcemanager.googleapis.com/v1/projects/budsys-page:testIamPermissions {}
[debug] [2025-11-05T08:47:13.035Z] [iam] error while checking permissions, command may fail: Authorization failed. This account is missing the following required permissions on project budsys-page:

  firebase.projects.get
  firebasehosting.sites.update
[debug] [2025-11-05T08:47:13.035Z] Checked if tokens are valid: true, expires at: 1762336031001
[debug] [2025-11-05T08:47:13.035Z] Checked if tokens are valid: true, expires at: 1762336031001
[debug] [2025-11-05T08:47:13.036Z] >>> [apiv2][query] GET https://firebase.googleapis.com/v1beta1/projects/budsys-page [none]
[debug] [2025-11-05T08:47:13.588Z] <<< [apiv2][status] GET https://firebase.googleapis.com/v1beta1/projects/budsys-page 403
[debug] [2025-11-05T08:47:13.588Z] <<< [apiv2][body] GET https://firebase.googleapis.com/v1beta1/projects/budsys-page {"error":{"code":403,"message":"The caller does not have permission","status":"PERMISSION_DENIED"}}
[debug] [2025-11-05T08:47:13.590Z] Request to https://firebase.googleapis.com/v1beta1/projects/budsys-page had HTTP Error: 403, The caller does not have permission
[debug] [2025-11-05T08:47:13.803Z] FirebaseError: Request to https://firebase.googleapis.com/v1beta1/projects/budsys-page had HTTP Error: 403, The caller does not have permission
    at responseToError (C:\Users\Vinicio\AppData\Roaming\npm\node_modules\firebase-tools\lib\responseToError.js:52:12)
    at RetryOperation._fn (C:\Users\Vinicio\AppData\Roaming\npm\node_modules\firebase-tools\lib\apiv2.js:312:77)
    at process.processTicksAndRejections (node:internal/process/task_queues:95:5)
[error] 
[error] Error: Failed to get Firebase project budsys-page. Please make sure the project exists and your account has permission to access it.
